▲ Next.js 16.1.6
- Local:         http://127.0.0.1:3000
- Network:       http://127.0.0.1:3000

✓ Starting...
✓ Ready in 116ms
⨯ Error [ChunkLoadError]: Failed to load chunk server/chunks/ssr/apps_frontend_79b77461._.js from module 39013
    at Context.loadChunkAsync [as l] (.next/server/chunks/ssr/[turbopack]_runtime.js:683:27) {
  digest: '1726695635',
  [cause]: Error: Cannot find module '/home/bevan/code/Resume-Matcher/apps/frontend/.next/standalone/apps/frontend/.next/server/chunks/ssr/apps_frontend_79b77461._.js'
  Require stack:
  - /home/bevan/code/Resume-Matcher/apps/frontend/.next/standalone/apps/frontend/.next/server/chunks/ssr/[turbopack]_runtime.js
  - /home/bevan/code/Resume-Matcher/apps/frontend/.next/standalone/apps/frontend/.next/server/app/(default)/admin/page.js
  - /home/bevan/code/Resume-Matcher/apps/frontend/.next/standalone/apps/frontend/node_modules/next/dist/server/require.js
  - /home/bevan/code/Resume-Matcher/apps/frontend/.next/standalone/apps/frontend/node_modules/next/dist/server/next-server.js
  - /home/bevan/code/Resume-Matcher/apps/frontend/.next/standalone/apps/frontend/node_modules/next/dist/server/next.js
  - /home/bevan/code/Resume-Matcher/apps/frontend/.next/standalone/apps/frontend/server.js
      at ignore-listed frames {
    code: 'MODULE_NOT_FOUND',
    requireStack: [
      '/home/bevan/code/Resume-Matcher/apps/frontend/.next/standalone/apps/frontend/.next/server/chunks/ssr/[turbopack]_runtime.js',
      '/home/bevan/code/Resume-Matcher/apps/frontend/.next/standalone/apps/frontend/.next/server/app/(default)/admin/page.js',
      '/home/bevan/code/Resume-Matcher/apps/frontend/.next/standalone/apps/frontend/node_modules/next/dist/server/require.js',
      '/home/bevan/code/Resume-Matcher/apps/frontend/.next/standalone/apps/frontend/node_modules/next/dist/server/next-server.js',
      '/home/bevan/code/Resume-Matcher/apps/frontend/.next/standalone/apps/frontend/node_modules/next/dist/server/next.js',
      '/home/bevan/code/Resume-Matcher/apps/frontend/.next/standalone/apps/frontend/server.js'
    ]
  }
}
Error [ChunkLoadError]: Failed to load chunk server/chunks/ssr/apps_frontend_79b77461._.js from module 39013
    at Context.loadChunkAsync [as l] (.next/server/chunks/ssr/[turbopack]_runtime.js:683:27) {
  digest: '1726695635',
  [cause]: Error: Cannot find module '/home/bevan/code/Resume-Matcher/apps/frontend/.next/standalone/apps/frontend/.next/server/chunks/ssr/apps_frontend_79b77461._.js'
  Require stack:
  - /home/bevan/code/Resume-Matcher/apps/frontend/.next/standalone/apps/frontend/.next/server/chunks/ssr/[turbopack]_runtime.js
  - /home/bevan/code/Resume-Matcher/apps/frontend/.next/standalone/apps/frontend/.next/server/app/(default)/admin/page.js
  - /home/bevan/code/Resume-Matcher/apps/frontend/.next/standalone/apps/frontend/node_modules/next/dist/server/require.js
  - /home/bevan/code/Resume-Matcher/apps/frontend/.next/standalone/apps/frontend/node_modules/next/dist/server/next-server.js
  - /home/bevan/code/Resume-Matcher/apps/frontend/.next/standalone/apps/frontend/node_modules/next/dist/server/next.js
  - /home/bevan/code/Resume-Matcher/apps/frontend/.next/standalone/apps/frontend/server.js
      at ignore-listed frames {
    code: 'MODULE_NOT_FOUND',
    requireStack: [
      '/home/bevan/code/Resume-Matcher/apps/frontend/.next/standalone/apps/frontend/.next/server/chunks/ssr/[turbopack]_runtime.js',
      '/home/bevan/code/Resume-Matcher/apps/frontend/.next/standalone/apps/frontend/.next/server/app/(default)/admin/page.js',
      '/home/bevan/code/Resume-Matcher/apps/frontend/.next/standalone/apps/frontend/node_modules/next/dist/server/require.js',
      '/home/bevan/code/Resume-Matcher/apps/frontend/.next/standalone/apps/frontend/node_modules/next/dist/server/next-server.js',
      '/home/bevan/code/Resume-Matcher/apps/frontend/.next/standalone/apps/frontend/node_modules/next/dist/server/next.js',
      '/home/bevan/code/Resume-Matcher/apps/frontend/.next/standalone/apps/frontend/server.js'
    ]
  }
}
⨯ unhandledRejection:  Error [ChunkLoadError]: Failed to load chunk server/chunks/ssr/apps_frontend_79b77461._.js from module 39013
    at Context.loadChunkAsync [as l] (.next/server/chunks/ssr/[turbopack]_runtime.js:683:27) {
  digest: '1726695635',
  [cause]: Error: Cannot find module '/home/bevan/code/Resume-Matcher/apps/frontend/.next/standalone/apps/frontend/.next/server/chunks/ssr/apps_frontend_79b77461._.js'
  Require stack:
  - /home/bevan/code/Resume-Matcher/apps/frontend/.next/standalone/apps/frontend/.next/server/chunks/ssr/[turbopack]_runtime.js
  - /home/bevan/code/Resume-Matcher/apps/frontend/.next/standalone/apps/frontend/.next/server/app/(default)/admin/page.js
  - /home/bevan/code/Resume-Matcher/apps/frontend/.next/standalone/apps/frontend/node_modules/next/dist/server/require.js
  - /home/bevan/code/Resume-Matcher/apps/frontend/.next/standalone/apps/frontend/node_modules/next/dist/server/next-server.js
  - /home/bevan/code/Resume-Matcher/apps/frontend/.next/standalone/apps/frontend/node_modules/next/dist/server/next.js
  - /home/bevan/code/Resume-Matcher/apps/frontend/.next/standalone/apps/frontend/server.js
      at ignore-listed frames {
    code: 'MODULE_NOT_FOUND',
    requireStack: [
      '/home/bevan/code/Resume-Matcher/apps/frontend/.next/standalone/apps/frontend/.next/server/chunks/ssr/[turbopack]_runtime.js',
      '/home/bevan/code/Resume-Matcher/apps/frontend/.next/standalone/apps/frontend/.next/server/app/(default)/admin/page.js',
      '/home/bevan/code/Resume-Matcher/apps/frontend/.next/standalone/apps/frontend/node_modules/next/dist/server/require.js',
      '/home/bevan/code/Resume-Matcher/apps/frontend/.next/standalone/apps/frontend/node_modules/next/dist/server/next-server.js',
      '/home/bevan/code/Resume-Matcher/apps/frontend/.next/standalone/apps/frontend/node_modules/next/dist/server/next.js',
      '/home/bevan/code/Resume-Matcher/apps/frontend/.next/standalone/apps/frontend/server.js'
    ]
  }
}
Error [ChunkLoadError]: Failed to load chunk server/chunks/ssr/apps_frontend_app_(default)_resumes_[id]_page_tsx_d44521b6._.js from module 39013
    at Context.loadChunkAsync [as l] (.next/server/chunks/ssr/[turbopack]_runtime.js:683:27) {
  [cause]: Error: Cannot find module '/home/bevan/code/Resume-Matcher/apps/frontend/.next/standalone/apps/frontend/.next/server/chunks/ssr/apps_frontend_app_(default)_resumes_[id]_page_tsx_d44521b6._.js'
  Require stack:
  - /home/bevan/code/Resume-Matcher/apps/frontend/.next/standalone/apps/frontend/.next/server/chunks/ssr/[turbopack]_runtime.js
  - /home/bevan/code/Resume-Matcher/apps/frontend/.next/standalone/apps/frontend/.next/server/app/(default)/admin/page.js
  - /home/bevan/code/Resume-Matcher/apps/frontend/.next/standalone/apps/frontend/node_modules/next/dist/server/require.js
  - /home/bevan/code/Resume-Matcher/apps/frontend/.next/standalone/apps/frontend/node_modules/next/dist/server/next-server.js
  - /home/bevan/code/Resume-Matcher/apps/frontend/.next/standalone/apps/frontend/node_modules/next/dist/server/next.js
  - /home/bevan/code/Resume-Matcher/apps/frontend/.next/standalone/apps/frontend/server.js
      at ignore-listed frames {
    code: 'MODULE_NOT_FOUND',
    requireStack: [
      '/home/bevan/code/Resume-Matcher/apps/frontend/.next/standalone/apps/frontend/.next/server/chunks/ssr/[turbopack]_runtime.js',
      '/home/bevan/code/Resume-Matcher/apps/frontend/.next/standalone/apps/frontend/.next/server/app/(default)/admin/page.js',
      '/home/bevan/code/Resume-Matcher/apps/frontend/.next/standalone/apps/frontend/node_modules/next/dist/server/require.js',
      '/home/bevan/code/Resume-Matcher/apps/frontend/.next/standalone/apps/frontend/node_modules/next/dist/server/next-server.js',
      '/home/bevan/code/Resume-Matcher/apps/frontend/.next/standalone/apps/frontend/node_modules/next/dist/server/next.js',
      '/home/bevan/code/Resume-Matcher/apps/frontend/.next/standalone/apps/frontend/server.js'
    ]
  }
}
⨯ unhandledRejection:  Error [ChunkLoadError]: Failed to load chunk server/chunks/ssr/apps_frontend_app_(default)_resumes_[id]_page_tsx_d44521b6._.js from module 39013
    at Context.loadChunkAsync [as l] (.next/server/chunks/ssr/[turbopack]_runtime.js:683:27) {
  [cause]: Error: Cannot find module '/home/bevan/code/Resume-Matcher/apps/frontend/.next/standalone/apps/frontend/.next/server/chunks/ssr/apps_frontend_app_(default)_resumes_[id]_page_tsx_d44521b6._.js'
  Require stack:
  - /home/bevan/code/Resume-Matcher/apps/frontend/.next/standalone/apps/frontend/.next/server/chunks/ssr/[turbopack]_runtime.js
  - /home/bevan/code/Resume-Matcher/apps/frontend/.next/standalone/apps/frontend/.next/server/app/(default)/admin/page.js
  - /home/bevan/code/Resume-Matcher/apps/frontend/.next/standalone/apps/frontend/node_modules/next/dist/server/require.js
  - /home/bevan/code/Resume-Matcher/apps/frontend/.next/standalone/apps/frontend/node_modules/next/dist/server/next-server.js
  - /home/bevan/code/Resume-Matcher/apps/frontend/.next/standalone/apps/frontend/node_modules/next/dist/server/next.js
  - /home/bevan/code/Resume-Matcher/apps/frontend/.next/standalone/apps/frontend/server.js
      at ignore-listed frames {
    code: 'MODULE_NOT_FOUND',
    requireStack: [
      '/home/bevan/code/Resume-Matcher/apps/frontend/.next/standalone/apps/frontend/.next/server/chunks/ssr/[turbopack]_runtime.js',
      '/home/bevan/code/Resume-Matcher/apps/frontend/.next/standalone/apps/frontend/.next/server/app/(default)/admin/page.js',
      '/home/bevan/code/Resume-Matcher/apps/frontend/.next/standalone/apps/frontend/node_modules/next/dist/server/require.js',
      '/home/bevan/code/Resume-Matcher/apps/frontend/.next/standalone/apps/frontend/node_modules/next/dist/server/next-server.js',
      '/home/bevan/code/Resume-Matcher/apps/frontend/.next/standalone/apps/frontend/node_modules/next/dist/server/next.js',
      '/home/bevan/code/Resume-Matcher/apps/frontend/.next/standalone/apps/frontend/server.js'
    ]
  }
}
Error [ChunkLoadError]: Failed to load chunk server/chunks/ssr/apps_frontend_c0a3facd._.js from module 39013
    at Context.loadChunkAsync [as l] (.next/server/chunks/ssr/[turbopack]_runtime.js:683:27) {
  [cause]: Error: Cannot find module '/home/bevan/code/Resume-Matcher/apps/frontend/.next/standalone/apps/frontend/.next/server/chunks/ssr/apps_frontend_c0a3facd._.js'
  Require stack:
  - /home/bevan/code/Resume-Matcher/apps/frontend/.next/standalone/apps/frontend/.next/server/chunks/ssr/[turbopack]_runtime.js
  - /home/bevan/code/Resume-Matcher/apps/frontend/.next/standalone/apps/frontend/.next/server/app/(default)/admin/page.js
  - /home/bevan/code/Resume-Matcher/apps/frontend/.next/standalone/apps/frontend/node_modules/next/dist/server/require.js
  - /home/bevan/code/Resume-Matcher/apps/frontend/.next/standalone/apps/frontend/node_modules/next/dist/server/next-server.js
  - /home/bevan/code/Resume-Matcher/apps/frontend/.next/standalone/apps/frontend/node_modules/next/dist/server/next.js
  - /home/bevan/code/Resume-Matcher/apps/frontend/.next/standalone/apps/frontend/server.js
      at ignore-listed frames {
    code: 'MODULE_NOT_FOUND',
    requireStack: [
      '/home/bevan/code/Resume-Matcher/apps/frontend/.next/standalone/apps/frontend/.next/server/chunks/ssr/[turbopack]_runtime.js',
      '/home/bevan/code/Resume-Matcher/apps/frontend/.next/standalone/apps/frontend/.next/server/app/(default)/admin/page.js',
      '/home/bevan/code/Resume-Matcher/apps/frontend/.next/standalone/apps/frontend/node_modules/next/dist/server/require.js',
      '/home/bevan/code/Resume-Matcher/apps/frontend/.next/standalone/apps/frontend/node_modules/next/dist/server/next-server.js',
      '/home/bevan/code/Resume-Matcher/apps/frontend/.next/standalone/apps/frontend/node_modules/next/dist/server/next.js',
      '/home/bevan/code/Resume-Matcher/apps/frontend/.next/standalone/apps/frontend/server.js'
    ]
  }
}
⨯ unhandledRejection:  Error [ChunkLoadError]: Failed to load chunk server/chunks/ssr/apps_frontend_c0a3facd._.js from module 39013
    at Context.loadChunkAsync [as l] (.next/server/chunks/ssr/[turbopack]_runtime.js:683:27) {
  [cause]: Error: Cannot find module '/home/bevan/code/Resume-Matcher/apps/frontend/.next/standalone/apps/frontend/.next/server/chunks/ssr/apps_frontend_c0a3facd._.js'
  Require stack:
  - /home/bevan/code/Resume-Matcher/apps/frontend/.next/standalone/apps/frontend/.next/server/chunks/ssr/[turbopack]_runtime.js
  - /home/bevan/code/Resume-Matcher/apps/frontend/.next/standalone/apps/frontend/.next/server/app/(default)/admin/page.js
  - /home/bevan/code/Resume-Matcher/apps/frontend/.next/standalone/apps/frontend/node_modules/next/dist/server/require.js
  - /home/bevan/code/Resume-Matcher/apps/frontend/.next/standalone/apps/frontend/node_modules/next/dist/server/next-server.js
  - /home/bevan/code/Resume-Matcher/apps/frontend/.next/standalone/apps/frontend/node_modules/next/dist/server/next.js
  - /home/bevan/code/Resume-Matcher/apps/frontend/.next/standalone/apps/frontend/server.js
      at ignore-listed frames {
    code: 'MODULE_NOT_FOUND',
    requireStack: [
      '/home/bevan/code/Resume-Matcher/apps/frontend/.next/standalone/apps/frontend/.next/server/chunks/ssr/[turbopack]_runtime.js',
      '/home/bevan/code/Resume-Matcher/apps/frontend/.next/standalone/apps/frontend/.next/server/app/(default)/admin/page.js',
      '/home/bevan/code/Resume-Matcher/apps/frontend/.next/standalone/apps/frontend/node_modules/next/dist/server/require.js',
      '/home/bevan/code/Resume-Matcher/apps/frontend/.next/standalone/apps/frontend/node_modules/next/dist/server/next-server.js',
      '/home/bevan/code/Resume-Matcher/apps/frontend/.next/standalone/apps/frontend/node_modules/next/dist/server/next.js',
      '/home/bevan/code/Resume-Matcher/apps/frontend/.next/standalone/apps/frontend/server.js'
    ]
  }
}
